
> gopark_fe_2026@0.1.0 build
> next build

Γû▓ Next.js 16.1.6 (Turbopack)

  Creating an optimized production build ...

> Build error occurred
Error: Turbopack build failed with 1 errors:
./src/app/owner/analytics/components/DashboardHeader.tsx:12:1
Module not found: Can't resolve '@/components/ui/date-picker-with-range'
  10 | } from '@/components/ui/select';
  11 | import { Button } from '@/components/ui/button';
> 12 | import { DatePickerWithRange } from '@/components/ui/date-picker-with-range';
     | ^^^^^^^^^^^^^^^^^^^^^^^^^^^^^^^^^^^^^^^^^^^^^^^^^^^^^^^^^^^^^^^^^^^^^^^^^^^^^
  13 | import { DateRange } from 'react-day-picker';
  14 |
  15 | interface DashboardHeaderProps {

Import map: aliased to relative './src/components/ui/date-picker-with-range' inside of [project]/


Import traces:
  Client Component Browser:
    ./src/app/owner/analytics/components/DashboardHeader.tsx [Client Component Browser]
    ./src/app/owner/analytics/page.tsx [Client Component Browser]
    ./src/app/owner/analytics/page.tsx [Server Component]

  Client Component SSR:
    ./src/app/owner/analytics/components/DashboardHeader.tsx [Client Component SSR]
    ./src/app/owner/analytics/page.tsx [Client Component SSR]
    ./src/app/owner/analytics/page.tsx [Server Component]

https://nextjs.org/docs/messages/module-not-found


    at <unknown> (./src/app/owner/analytics/components/DashboardHeader.tsx:12:1)
    at <unknown> (https://nextjs.org/docs/messages/module-not-found)
